// Jest Snapshot v1, https://goo.gl/fbAQLP

exports[`utils should split data 1`] = `
"Array [
  Array [
    Array [
      \\"a\\",
      \\"a\\",
    ],
    Array [
      \\"c\\",
      \\"c\\",
    ],
    Array [
      \\"d\\",
      \\"d\\",
    ],
    Array [
      \\"e\\",
      \\"e\\",
    ],
  ],
  Array [
    Array [
      \\"f\\",
      \\"f\\",
    ],
    Array [
      \\"g\\",
      \\"g\\",
    ],
    Array [
      \\"l\\",
      \\"l\\",
    ],
    Array [
      \\"k\\",
      \\"k\\",
    ],
  ],
]"
`;
